// Jest Snapshot v1, https://goo.gl/fbAQLP

exports[`PageLayout renders correctly 1`] = `ShallowWrapper {}`;
